=== START Sat Aug  8 18:48:55 UTC 2026 ===
latest.pt exists: -rw-rw---- 1 root nogroup 911K Aug 8 18:42 pipeline/cache/checkpoints/latest.pt
running train_mt.py 300 epoch attn era ema accum4 resume patience30 lr 5e-4 dropout 0.2
[mt_long] draft 1598 fore 492 cap 30
[ckpt] latest older than code (1786214570.388675 < 1786214935.582675) — will NOT auto-resume unless --resume forced
[ckpt] loaded model epoch 100 loss 0.7200
[resume] start_epoch 101 best 0.7200
[ckpt] saved /home/hatch/workspace/vector-hoops/pipeline/cache/checkpoints/mt_v3_attn1_era1_ema1_101_0.7095.pt loss 0.7095 agent mt-8628a8fc
[ckpt] saved /home/hatch/workspace/vector-hoops/pipeline/cache/checkpoints/mt_v3_attn1_era1_ema1_102_0.6937.pt loss 0.6937 agent mt-8628a8fc
[ckpt] saved /home/hatch/workspace/vector-hoops/pipeline/cache/checkpoints/mt_v3_attn1_era1_ema1_104_0.6858.pt loss 0.6858 agent mt-8628a8fc
[ep 110/300] loss 0.7184 best 0.6858 dMAE 6175.7 wMAE 10.66 lr 1.17e-05 pat 6/30
[ckpt] saved /home/hatch/workspace/vector-hoops/pipeline/cache/checkpoints/mt_v3_attn1_era1_ema1_110_0.7184.pt loss 0.7184 agent mt-8628a8fc
[ep 120/300] loss 0.6832 best 0.6832 dMAE 6154.0 wMAE 10.66 lr 5.86e-06 pat 0/30
[ckpt] saved /home/hatch/workspace/vector-hoops/pipeline/cache/checkpoints/mt_v3_attn1_era1_ema1_120_0.6832.pt loss 0.6832 agent mt-8628a8fc
[ckpt] saved /home/hatch/workspace/vector-hoops/pipeline/cache/checkpoints/mt_v3_attn1_era1_ema1_121_0.6816.pt loss 0.6816 agent mt-8628a8fc
[ep 130/300] loss 0.7081 best 0.6816 dMAE 6139.5 wMAE 10.65 lr 2.93e-06 pat 9/30
[ckpt] saved /home/hatch/workspace/vector-hoops/pipeline/cache/checkpoints/mt_v3_attn1_era1_ema1_130_0.7081.pt loss 0.7081 agent mt-8628a8fc
[ep 140/300] loss 0.7059 best 0.6816 dMAE 6117.6 wMAE 10.65 lr 7.32e-07 pat 19/30
[ckpt] saved /home/hatch/workspace/vector-hoops/pipeline/cache/checkpoints/mt_v3_attn1_era1_ema1_140_0.7059.pt loss 0.7059 agent mt-8628a8fc
[ckpt] saved /home/hatch/workspace/vector-hoops/pipeline/cache/checkpoints/mt_v3_attn1_era1_ema1_149_0.6742.pt loss 0.6742 agent mt-8628a8fc
[ep 150/300] loss 0.7022 best 0.6742 dMAE 6103.0 wMAE 10.65 lr 3.66e-07 pat 1/30
[ckpt] saved /home/hatch/workspace/vector-hoops/pipeline/cache/checkpoints/mt_v3_attn1_era1_ema1_150_0.7022.pt loss 0.7022 agent mt-8628a8fc
[ep 160/300] loss 0.7077 best 0.6742 dMAE 6081.0 wMAE 10.64 lr 1.83e-07 pat 11/30
[ckpt] saved /home/hatch/workspace/vector-hoops/pipeline/cache/checkpoints/mt_v3_attn1_era1_ema1_160_0.7077.pt loss 0.7077 agent mt-8628a8fc
[ep 170/300] loss 0.7055 best 0.6742 dMAE 6066.3 wMAE 10.64 lr 4.58e-08 pat 21/30
[ckpt] saved /home/hatch/workspace/vector-hoops/pipeline/cache/checkpoints/mt_v3_attn1_era1_ema1_170_0.7055.pt loss 0.7055 agent mt-8628a8fc
[earlystop] patience 30 exceeded at epoch 179 best 0.6742
[done] best 0.6742 epochs 179
train_mt.py exit 0 Sat Aug  8 18:49:14 UTC 2026
=== second phase v53 full sweep 250+300 ===
draft 1598 fore 492 cap 30
Ridge era14 alpha 0.1 mae 4500.10 r2 0.3959
Ridge era14 alpha 1.0 mae 4501.56 r2 0.3964
Ridge era14 alpha 10.0 mae 4499.00 r2 0.3976
Ridge era14 alpha 100.0 mae 4509.54 r2 0.3989
DeepMLP era14 mae 4450.09 r2 0.3973
MTv3 earlystop epoch 191 best 0.6641
MTv3 loss 0.6641 draft 1315.38 r2 0.9367 wins 8.99 r2 0.1379 ep 169
MTv4_attn earlystop epoch 198 best 0.6847
MTv4_attn loss 0.6847 draft 1329.08 r2 0.9326 wins 8.9 r2 0.1377 ep 173
wrote /home/hatch/workspace/vector-hoops/assets/data/model_zoo_eval.json
updated front_office
=== END Sat Aug  8 18:50:04 UTC 2026 ===
ops/assets/data/model_zoo_eval.json
updated front_office
=== END Sat Aug  8 18:50:04 UTC 2026 ===
