[mt_long] draft 1598 fore 492 cap 30
[ckpt] loaded model epoch 4 loss 1.6824
[resume] start_epoch 5 best 1.6824
[ckpt] saved /home/hatch/workspace/vector-hoops/pipeline/cache/checkpoints/mt_v3_attn1_era1_ema1_5_1.4478.pt loss 1.4478 agent mt-6ebaadea
[ckpt] saved /home/hatch/workspace/vector-hoops/pipeline/cache/checkpoints/mt_v3_attn1_era1_ema1_6_1.4256.pt loss 1.4256 agent mt-6ebaadea
[ckpt] saved /home/hatch/workspace/vector-hoops/pipeline/cache/checkpoints/mt_v3_attn1_era1_ema1_9_1.2642.pt loss 1.2642 agent mt-6ebaadea
[ep 10/200] loss 1.2661 best 1.2642 dMAE 6187.5 wMAE 10.66 lr 1.50e-03 pat 1/22
[ckpt] saved /home/hatch/workspace/vector-hoops/pipeline/cache/checkpoints/mt_v3_attn1_era1_ema1_10_1.2661.pt loss 1.2661 agent mt-6ebaadea
[ckpt] saved /home/hatch/workspace/vector-hoops/pipeline/cache/checkpoints/mt_v3_attn1_era1_ema1_13_1.1652.pt loss 1.1652 agent mt-6ebaadea
[ckpt] saved /home/hatch/workspace/vector-hoops/pipeline/cache/checkpoints/mt_v3_attn1_era1_ema1_15_1.1566.pt loss 1.1566 agent mt-6ebaadea
[ckpt] saved /home/hatch/workspace/vector-hoops/pipeline/cache/checkpoints/mt_v3_attn1_era1_ema1_17_1.0930.pt loss 1.0930 agent mt-6ebaadea
[ckpt] saved /home/hatch/workspace/vector-hoops/pipeline/cache/checkpoints/mt_v3_attn1_era1_ema1_18_1.0698.pt loss 1.0698 agent mt-6ebaadea
[ep 20/200] loss 1.0656 best 1.0656 dMAE 6174.8 wMAE 10.66 lr 1.50e-03 pat 0/22
[ckpt] saved /home/hatch/workspace/vector-hoops/pipeline/cache/checkpoints/mt_v3_attn1_era1_ema1_20_1.0656.pt loss 1.0656 agent mt-6ebaadea
[ckpt] saved /home/hatch/workspace/vector-hoops/pipeline/cache/checkpoints/mt_v3_attn1_era1_ema1_21_0.9649.pt loss 0.9649 agent mt-6ebaadea
[ckpt] saved /home/hatch/workspace/vector-hoops/pipeline/cache/checkpoints/mt_v3_attn1_era1_ema1_25_0.8744.pt loss 0.8744 agent mt-6ebaadea
[ckpt] saved /home/hatch/workspace/vector-hoops/pipeline/cache/checkpoints/mt_v3_attn1_era1_ema1_29_0.8140.pt loss 0.8140 agent mt-6ebaadea
[ep 30/200] loss 0.8356 best 0.8140 dMAE 6163.9 wMAE 10.66 lr 1.50e-03 pat 1/22
[ckpt] saved /home/hatch/workspace/vector-hoops/pipeline/cache/checkpoints/mt_v3_attn1_era1_ema1_30_0.8356.pt loss 0.8356 agent mt-6ebaadea
[ckpt] saved /home/hatch/workspace/vector-hoops/pipeline/cache/checkpoints/mt_v3_attn1_era1_ema1_33_0.7982.pt loss 0.7982 agent mt-6ebaadea
[ckpt] saved /home/hatch/workspace/vector-hoops/pipeline/cache/checkpoints/mt_v3_attn1_era1_ema1_36_0.7964.pt loss 0.7964 agent mt-6ebaadea
[ckpt] saved /home/hatch/workspace/vector-hoops/pipeline/cache/checkpoints/mt_v3_attn1_era1_ema1_37_0.7892.pt loss 0.7892 agent mt-6ebaadea
[ckpt] saved /home/hatch/workspace/vector-hoops/pipeline/cache/checkpoints/mt_v3_attn1_era1_ema1_39_0.7865.pt loss 0.7865 agent mt-6ebaadea
[ep 40/200] loss 0.8003 best 0.7865 dMAE 6145.4 wMAE 10.66 lr 1.50e-03 pat 1/22
[ckpt] saved /home/hatch/workspace/vector-hoops/pipeline/cache/checkpoints/mt_v3_attn1_era1_ema1_40_0.8003.pt loss 0.8003 agent mt-6ebaadea
[ckpt] saved /home/hatch/workspace/vector-hoops/pipeline/cache/checkpoints/mt_v3_attn1_era1_ema1_41_0.7806.pt loss 0.7806 agent mt-6ebaadea
[ckpt] saved /home/hatch/workspace/vector-hoops/pipeline/cache/checkpoints/mt_v3_attn1_era1_ema1_43_0.7787.pt loss 0.7787 agent mt-6ebaadea
[ckpt] saved /home/hatch/workspace/vector-hoops/pipeline/cache/checkpoints/mt_v3_attn1_era1_ema1_45_0.7601.pt loss 0.7601 agent mt-6ebaadea
[ckpt] saved /home/hatch/workspace/vector-hoops/pipeline/cache/checkpoints/mt_v3_attn1_era1_ema1_48_0.7560.pt loss 0.7560 agent mt-6ebaadea
[ckpt] saved /home/hatch/workspace/vector-hoops/pipeline/cache/checkpoints/mt_v3_attn1_era1_ema1_49_0.7492.pt loss 0.7492 agent mt-6ebaadea
[ep 50/200] loss 0.7331 best 0.7331 dMAE 6132.1 wMAE 10.66 lr 1.50e-03 pat 0/22
[ckpt] saved /home/hatch/workspace/vector-hoops/pipeline/cache/checkpoints/mt_v3_attn1_era1_ema1_50_0.7331.pt loss 0.7331 agent mt-6ebaadea
[ckpt] saved /home/hatch/workspace/vector-hoops/pipeline/cache/checkpoints/mt_v3_attn1_era1_ema1_53_0.6901.pt loss 0.6901 agent mt-6ebaadea
[ep 60/200] loss 0.7130 best 0.6901 dMAE 6110.9 wMAE 10.65 lr 7.50e-04 pat 7/22
[ckpt] saved /home/hatch/workspace/vector-hoops/pipeline/cache/checkpoints/mt_v3_attn1_era1_ema1_60_0.7130.pt loss 0.7130 agent mt-6ebaadea
[ep 70/200] loss 0.6926 best 0.6901 dMAE 6096.5 wMAE 10.65 lr 3.75e-04 pat 17/22
[ckpt] saved /home/hatch/workspace/vector-hoops/pipeline/cache/checkpoints/mt_v3_attn1_era1_ema1_70_0.6926.pt loss 0.6926 agent mt-6ebaadea
[ckpt] saved /home/hatch/workspace/vector-hoops/pipeline/cache/checkpoints/mt_v3_attn1_era1_ema1_75_0.6827.pt loss 0.6827 agent mt-6ebaadea
[ep 80/200] loss 0.7249 best 0.6827 dMAE 6074.6 wMAE 10.65 lr 1.88e-04 pat 5/22
[ckpt] saved /home/hatch/workspace/vector-hoops/pipeline/cache/checkpoints/mt_v3_attn1_era1_ema1_80_0.7249.pt loss 0.7249 agent mt-6ebaadea
[ckpt] saved /home/hatch/workspace/vector-hoops/pipeline/cache/checkpoints/mt_v3_attn1_era1_ema1_81_0.6771.pt loss 0.6771 agent mt-6ebaadea
[ep 90/200] loss 0.6948 best 0.6771 dMAE 6059.9 wMAE 10.64 lr 9.38e-05 pat 9/22
[ckpt] saved /home/hatch/workspace/vector-hoops/pipeline/cache/checkpoints/mt_v3_attn1_era1_ema1_90_0.6948.pt loss 0.6948 agent mt-6ebaadea
[ep 100/200] loss 0.7200 best 0.6771 dMAE 6037.9 wMAE 10.64 lr 2.34e-05 pat 19/22
[ckpt] saved /home/hatch/workspace/vector-hoops/pipeline/cache/checkpoints/mt_v3_attn1_era1_ema1_100_0.7200.pt loss 0.7200 agent mt-6ebaadea
[earlystop] patience 22 exceeded at epoch 103 best 0.6771
[done] best 0.6771 epochs 103
