12966 rows, 79 features, 11 towers, 30 seasons, device=cpu
tower widths: {'volume': 5, 'playmaking': 12, 'rebounding': 5, 'defense': 3, 'efficiency': 10, 'shotmix': 13, 'bio': 4, 'tracking': 13, 'market': 4, 'honors': 5, 'career': 5}
loss weights: {'archetype': 0.25, 'position': 0.18, 'profile': 0.12, 'next_profile': 0.05, 'skills': 0.18, 'salary': 0.12, 'team_fit': 0.08, 'roster_lift': 0.08, 'form_recon': 0.1, 'career_slope': 0.05, 'competition': 0.05, 'pedigree': 0.08, 'playoff': 0.08, 'honors': 0.05, 'bbref': 0.1}
10108 same-player adjacent-season pairs
honors_recognition head (HON_ALL_NBA_VOTE_LAG): 1132 labeled rows
  wide skills joined: ['post', 'transition', 'motor', 'shooting_gravity', 'rim_gravity', 'disruption_gravity'] (5154 covered rows)
18 skill towers (12 core + 6 wide), per-skill masked
phase=select fit_rows=train n_fit=11027/12966
lr schedule: onecycle (step-level), steps/epoch=26, total_steps=3900, fusion=concat, nce_loss=hybrid, tower=32/160, skill_hidden=16
next-season stats labels: 10108/12966 rows
/home/hatch/workspace/vector-hoops/pipeline/train_mtnn.py:1238: UserWarning: Converting a tensor with requires_grad=True to a scalar may lead to unexpected behavior.
Consider using tensor.detach() first. (Triggered internally at /__w/pytorch/pytorch/torch/csrc/autograd/generated/python_variable_methods.cpp:822.)
  total += float(loss)
epoch   0  loss 2.5784  lr 1.41e-04  val_recall@10=0.480 test_recall@10=0.452 purity@20=0.721 composite=0.477
epoch   5  loss 1.9121  lr 5.49e-04  val_recall@10=0.592 test_recall@10=0.500 purity@20=0.821 composite=0.562
epoch  10  loss 1.4549  lr 9.56e-04  val_recall@10=0.574 test_recall@10=0.424 purity@20=0.861 composite=0.570
epoch  15  loss 1.3038  lr 1.36e-03  val_recall@10=0.588 test_recall@10=0.418 purity@20=0.892 composite=0.587
epoch  20  loss 1.2324  lr 1.47e-03  val_recall@10=0.560 test_recall@10=0.426 purity@20=0.905 composite=0.581
epoch  25  loss 1.1633  lr 1.42e-03  val_recall@10=0.612 test_recall@10=0.472 purity@20=0.913 composite=0.605
epoch  30  loss 1.1274  lr 1.37e-03  val_recall@10=0.584 test_recall@10=0.452 purity@20=0.919 composite=0.596
epoch  35  loss 1.0783  lr 1.33e-03  val_recall@10=0.584 test_recall@10=0.468 purity@20=0.924 composite=0.598
epoch  40  loss 1.0593  lr 1.28e-03  val_recall@10=0.562 test_recall@10=0.488 purity@20=0.929 composite=0.591
epoch  45  loss 1.0290  lr 1.23e-03  val_recall@10=0.552 test_recall@10=0.444 purity@20=0.940 composite=0.591
epoch  50  loss 1.0048  lr 1.19e-03  val_recall@10=0.544 test_recall@10=0.488 purity@20=0.941 composite=0.588
epoch  55  loss 0.9853  lr 1.14e-03  val_recall@10=0.530 test_recall@10=0.458 purity@20=0.942 composite=0.583
epoch  60  loss 0.9643  lr 1.09e-03  val_recall@10=0.530 test_recall@10=0.470 purity@20=0.941 composite=0.582
epoch  65  loss 0.9541  lr 1.05e-03  val_recall@10=0.520 test_recall@10=0.470 purity@20=0.949 composite=0.581
epoch  70  loss 0.9473  lr 9.99e-04  val_recall@10=0.498 test_recall@10=0.476 purity@20=0.944 composite=0.570
epoch  75  loss 0.9321  lr 9.52e-04  val_recall@10=0.520 test_recall@10=0.474 purity@20=0.950 composite=0.582
epoch  80  loss 0.9187  lr 9.05e-04  val_recall@10=0.510 test_recall@10=0.480 purity@20=0.950 composite=0.578
epoch  85  loss 0.9117  lr 8.58e-04  val_recall@10=0.506 test_recall@10=0.472 purity@20=0.949 composite=0.575
epoch  90  loss 0.9023  lr 8.11e-04  val_recall@10=0.502 test_recall@10=0.490 purity@20=0.954 composite=0.576
epoch  95  loss 0.8940  lr 7.64e-04  val_recall@10=0.526 test_recall@10=0.428 purity@20=0.948 composite=0.583
epoch 100  loss 0.8864  lr 7.17e-04  val_recall@10=0.502 test_recall@10=0.448 purity@20=0.955 composite=0.576
epoch 105  loss 0.8753  lr 6.70e-04  val_recall@10=0.484 test_recall@10=0.464 purity@20=0.953 composite=0.568
epoch 110  loss 0.8787  lr 6.23e-04  val_recall@10=0.512 test_recall@10=0.486 purity@20=0.951 composite=0.579
epoch 115  loss 0.8610  lr 5.76e-04  val_recall@10=0.494 test_recall@10=0.450 purity@20=0.953 composite=0.572
epoch 120  loss 0.8577  lr 5.29e-04  val_recall@10=0.492 test_recall@10=0.460 purity@20=0.954 composite=0.572
epoch 125  loss 0.8626  lr 4.82e-04  val_recall@10=0.514 test_recall@10=0.472 purity@20=0.957 composite=0.582
epoch 130  loss 0.8502  lr 4.35e-04  val_recall@10=0.492 test_recall@10=0.454 purity@20=0.953 composite=0.571
epoch 135  loss 0.8503  lr 3.88e-04  val_recall@10=0.472 test_recall@10=0.462 purity@20=0.952 composite=0.562
epoch 140  loss 0.8424  lr 3.41e-04  val_recall@10=0.504 test_recall@10=0.454 purity@20=0.953 composite=0.576
epoch 145  loss 0.8388  lr 2.94e-04  val_recall@10=0.488 test_recall@10=0.488 purity@20=0.948 composite=0.568
epoch 149  loss 0.8330  lr 2.56e-04  val_recall@10=0.496 test_recall@10=0.472 purity@20=0.948 composite=0.571
restored best checkpoint epoch 25 (metric=cqs recall=0.612 purity=0.913 composite=0.605)
{
  "trained": "2026-07-14 20:36",
  "model": "mtnn_v5_concat_b2_h160_t32_d48_mlp128",
  "epochs": 150,
  "best_epoch": 25,
  "best_val_recall_at_10": 0.612,
  "dim": 48,
  "tower_width": 32,
  "tower_hidden": 160,
  "skill_hidden": 16,
  "tower_blocks": 2,
  "mlp_heads": true,
  "d_head_hidden": 128,
  "fusion_hidden": null,
  "lr": 0.0015,
  "lr_schedule": "onecycle",
  "warmup_pct": 0.1,
  "anneal_strategy": "linear",
  "weight_decay": 0.0001,
  "grad_accum": 1,
  "fusion": "concat",
  "nce_loss": "hybrid",
  "nce_player_weight": 0.2,
  "nce_arch_weight": 0.8,
  "checkpoint_metric": "cqs",
  "best_val_purity_at_20": 0.9126192426532017,
  "best_val_composite": 0.6054268258457924,
  "nce_temp": 0.08,
  "drop_p": 0.12,
  "hard_neg_boost": 0.3,
  "loss_weights": {
    "archetype": 0.25,
    "position": 0.18,
    "profile": 0.12,
    "next_profile": 0.05,
    "skills": 0.18,
    "salary": 0.12,
    "team_fit": 0.08,
    "roster_lift": 0.08,
    "form_recon": 0.1,
    "career_slope": 0.05,
    "competition": 0.05,
    "pedigree": 0.08,
    "playoff": 0.08,
    "honors": 0.05,
    "bbref": 0.1
  },
  "val_trace": [
    {
      "epoch": 0,
      "val_recall_at_10": 0.48,
      "test_recall_at_10": 0.452,
      "val_purity_at_20": 0.7207311062582928,
      "val_composite": 0.4767522791759893
    },
    {
      "epoch": 5,
      "val_recall_at_10": 0.592,
      "test_recall_at_10": 0.5,
      "val_purity_at_20": 0.8210398708403739,
      "val_composite": 0.5618477149414383
    },
    {
      "epoch": 10,
      "val_recall_at_10": 0.574,
      "test_recall_at_10": 0.424,
      "val_purity_at_20": 0.8607506240856668,
      "val_composite": 0.5696833286918304
    },
    {
      "epoch": 15,
      "val_recall_at_10": 0.588,
      "test_recall_at_10": 0.418,
      "val_purity_at_20": 0.8916342928871954,
      "val_composite": 0.5873885069653606
    },
    {
      "epoch": 20,
      "val_recall_at_10": 0.56,
      "test_recall_at_10": 0.426,
      "val_purity_at_20": 0.9050186726006193,
      "val_composite": 0.5809336650314152
    },
    {
      "epoch": 25,
      "val_recall_at_10": 0.612,
      "test_recall_at_10": 0.472,
      "val_purity_at_20": 0.9126192426532017,
      "val_composite": 0.6054268258457924
    },
    {
      "epoch": 30,
      "val_recall_at_10": 0.584,
      "test_recall_at_10": 0.452,
      "val_purity_at_20": 0.9194261943981372,
      "val_composite": 0.5964377396063412
    },
    {
      "epoch": 35,
      "val_recall_at_10": 0.584,
      "test_recall_at_10": 0.468,
      "val_purity_at_20": 0.9243293940214411,
      "val_composite": 0.5983269135788494
    },
    {
      "epoch": 40,
      "val_recall_at_10": 0.562,
      "test_recall_at_10": 0.488,
      "val_purity_at_20": 0.9290982442909688,
      "val_composite": 0.5910407941238733
    },
    {
      "epoch": 45,
      "val_recall_at_10": 0.552,
      "test_recall_at_10": 0.444,
      "val_purity_at_20": 0.9402720028294718,
      "val_composite": 0.5911989187372377
    },
    {
      "epoch": 50,
      "val_recall_at_10": 0.544,
      "test_recall_at_10": 0.488,
      "val_purity_at_20": 0.940770872198407,
      "val_composite": 0.5880734831117392
    },
    {
      "epoch": 55,
      "val_recall_at_10": 0.53,
      "test_recall_at_10": 0.458,
      "val_purity_at_20": 0.9423713972431078,
      "val_composite": 0.5828842736436681
    },
    {
      "epoch": 60,
      "val_recall_at_10": 0.53,
      "test_recall_at_10": 0.47,
      "val_purity_at_20": 0.9412719063165076,
      "val_composite": 0.5824606462572427
    },
    {
      "epoch": 65,
      "val_recall_at_10": 0.52,
      "test_recall_at_10": 0.47,
      "val_purity_at_20": 0.9493783947283367,
      "val_composite": 0.5814369697335651
    },
    {
      "epoch": 70,
      "val_recall_at_10": 0.498,
      "test_recall_at_10": 0.476,
      "val_purity_at_20": 0.9436427492893245,
      "val_composite": 0.5701035298732398
    },
    {
      "epoch": 75,
      "val_recall_at_10": 0.52,
      "test_recall_at_10": 0.474,
      "val_purity_at_20": 0.94974910161433,
      "val_composite": 0.5815798009161095
    },
    {
      "epoch": 80,
      "val_recall_at_10": 0.51,
      "test_recall_at_10": 0.48,
      "val_purity_at_20": 0.9500147260827408,
      "val_composite": 0.5775350856377619
    },
    {
      "epoch": 85,
      "val_recall_at_10": 0.506,
      "test_recall_at_10": 0.472,
      "val_purity_at_20": 0.9490205590333299,
      "val_composite": 0.5754932153922536
    },
    {
      "epoch": 90,
      "val_recall_at_10": 0.502,
      "test_recall_at_10": 0.49,
      "val_purity_at_20": 0.9538634834163084,
      "val_composite": 0.575700342139813
    },
    {
      "epoch": 95,
      "val_recall_at_10": 0.526,
      "test_recall_at_10": 0.428,
      "val_purity_at_20": 0.9476553531070752,
      "val_composite": 0.5832613272265496
    },
    {
      "epoch": 100,
      "val_recall_at_10": 0.502,
      "test_recall_at_10": 0.448,
      "val_purity_at_20": 0.9550568836907846,
      "val_composite": 0.576160152245567
    },
    {
      "epoch": 105,
      "val_recall_at_10": 0.484,
      "test_recall_at_10": 0.464,
      "val_purity_at_20": 0.953145545459013,
      "val_composite": 0.5679590189856786
    },
    {
      "epoch": 110,
      "val_recall_at_10": 0.512,
      "test_recall_at_10": 0.486,
      "val_purity_at_20": 0.951271190206852,
      "val_composite": 0.5788486056385225
    },
    {
      "epoch": 115,
      "val_recall_at_10": 0.494,
      "test_recall_at_10": 0.45,
      "val_purity_at_20": 0.9531925708880045,
      "val_composite": 0.5721241964303783
    },
    {
      "epoch": 120,
      "val_recall_at_10": 0.492,
      "test_recall_at_10": 0.46,
      "val_purity_at_20": 0.9537298234531206,
      "val_composite": 0.5715017849187024
    },
    {
      "epoch": 125,
      "val_recall_at_10": 0.514,
      "test_recall_at_10": 0.472,
      "val_purity_at_20": 0.9567485031093778,
      "val_composite": 0.5817883938450839
    },
    {
      "epoch": 130,
      "val_recall_at_10": 0.492,
      "test_recall_at_10": 0.454,
      "val_purity_at_20": 0.9534550328734732,
      "val_composite": 0.5713959097247794
    },
    {
      "epoch": 135,
      "val_recall_at_10": 0.472,
      "test_recall_at_10": 0.462,
      "val_purity_at_20": 0.9518066487391178,
      "val_composite": 0.5624666793671307
    },
    {
      "epoch": 140,
      "val_recall_at_10": 0.504,
      "test_recall_at_10": 0.454,
      "val_purity_at_20": 0.953080091885239,
      "val_composite": 0.5762279177557833
    },
    {
      "epoch": 145,
      "val_recall_at_10": 0.488,
      "test_recall_at_10": 0.488,
      "val_purity_at_20": 0.9482435432107452,
      "val_composite": 0.5677291298841401
    },
    {
      "epoch": 149,
      "val_recall_at_10": 0.496,
      "test_recall_at_10": 0.472,
      "val_purity_at_20": 0.9483625056681366,
      "val_composite": 0.5710926124780173
    }
  ],
  "towers": {
    "volume": 5,
    "playmaking": 12,
    "rebounding": 5,
    "defense": 3,
    "efficiency": 10,
    "shotmix": 13,
    "bio": 4,
    "tracking": 13,
    "market": 4,
    "honors": 5,
    "career": 5
  },
  "positive_pairs": 10108,
  "position_labeled": 0,
  "final_loss": 0.8329927054318514,
  "recall_at_10_same_player_next_season": 0.616,
  "held_out_recall": {
    "train": {
      "pairs": 8557,
      "recall_at_10_mtnn": 0.64,
      "recall_at_10_transparent_14d": 0.26
    },
    "val": {
      "pairs": 761,
      "recall_at_10_mtnn": 0.596,
      "recall_at_10_transparent_14d": 0.286
    },
    "test": {
      "pairs": 790,
      "recall_at_10_mtnn": 0.47,
      "recall_at_10_transparent_14d": 0.25
    },
    "all": {
      "pairs": 10108,
      "recall_at_10_mtnn": 0.626,
      "recall_at_10_transparent_14d": 0.252
    }
  },
  "archetype_top1_acc": 0.9416936603424341,
  "position_top1_acc": null,
  "cross_era_archetype_neighbor_purity_at_20": 0.9126192426532017,
  "skills": {
    "holdout": {
      "val": {
        "mean_r2": 0.6394,
        "per_skill": {
          "scoring": {
            "r2": 0.8736,
            "mae_pts": 8.07,
            "rows": 948
          },
          "shooting": {
            "r2": 0.8083,
            "mae_pts": 9.72,
            "rows": 948
          },
          "finishing": {
            "r2": 0.7693,
            "mae_pts": 11.34,
            "rows": 948
          },
          "ft": {
            "r2": 0.5801,
            "mae_pts": 14.68,
            "rows": 948
          },
          "playmaking": {
            "r2": 0.7594,
            "mae_pts": 11.38,
            "rows": 948
          },
          "security": {
            "r2": 0.576,
            "mae_pts": 15.09,
            "rows": 948
          },
          "oreb": {
            "r2": 0.7383,
            "mae_pts": 11.62,
            "rows": 948
          },
          "dreb": {
            "r2": 0.7403,
            "mae_pts": 11.78,
            "rows": 948
          },
          "hands": {
            "r2": 0.6697,
            "mae_pts": 13.67,
            "rows": 948
          },
          "rim": {
            "r2": 0.7041,
            "mae_pts": 12.62,
            "rows": 948
          },
          "efficiency": {
            "r2": 0.5645,
            "mae_pts": 15.4,
            "rows": 948
          },
          "impact": {
            "r2": 0.6584,
            "mae_pts": 13.57,
            "rows": 948
          },
          "post": {
            "r2": 0.2731,
            "mae_pts": 20.99,
            "rows": 948
          },
          "transition": {
            "r2": 0.2582,
            "mae_pts": 19.92,
            "rows": 948
          },
          "motor": {
            "r2": 0.507,
            "mae_pts": 16.49,
            "rows": 948
          },
          "shooting_gravity": {
            "r2": 0.8338,
            "mae_pts": 9.05,
            "rows": 948
          },
          "rim_gravity": {
            "r2": 0.6034,
            "mae_pts": 14.68,
            "rows": 948
          },
          "disruption_gravity": {
            "r2": 0.592,
            "mae_pts": 15.12,
            "rows": 948
          }
        }
      },
      "test": {
        "mean_r2": 0.6513,
        "per_skill": {
          "scoring": {
            "r2": 0.8982,
            "mae_pts": 7.23,
            "rows": 991
          },
          "shooting": {
            "r2": 0.8188,
            "mae_pts": 9.58,
            "rows": 991
          },
          "finishing": {
            "r2": 0.793,
            "mae_pts": 10.5,
            "rows": 991
          },
          "ft": {
            "r2": 0.5786,
            "mae_pts": 14.78,
            "rows": 991
          },
          "playmaking": {
            "r2": 0.734,
            "mae_pts": 11.84,
            "rows": 991
          },
          "security": {
            "r2": 0.5887,
            "mae_pts": 14.91,
            "rows": 991
          },
          "oreb": {
            "r2": 0.734,
            "mae_pts": 11.61,
            "rows": 991
          },
          "dreb": {
            "r2": 0.7737,
            "mae_pts": 10.86,
            "rows": 991
          },
          "hands": {
            "r2": 0.6687,
            "mae_pts": 13.43,
            "rows": 991
          },
          "rim": {
            "r2": 0.7139,
            "mae_pts": 12.33,
            "rows": 991
          },
          "efficiency": {
            "r2": 0.5526,
            "mae_pts": 15.55,
            "rows": 991
          },
          "impact": {
            "r2": 0.6494,
            "mae_pts": 13.75,
            "rows": 991
          },
          "post": {
            "r2": 0.3025,
            "mae_pts": 20.3,
            "rows": 991
          },
          "transition": {
            "r2": 0.3506,
            "mae_pts": 18.29,
            "rows": 991
          },
          "motor": {
            "r2": 0.4934,
            "mae_pts": 16.79,
            "rows": 991
          },
          "shooting_gravity": {
            "r2": 0.8504,
            "mae_pts": 8.81,
            "rows": 991
          },
          "rim_gravity": {
            "r2": 0.6522,
            "mae_pts": 13.55,
            "rows": 991
          },
          "disruption_gravity": {
            "r2": 0.5699,
            "mae_pts": 15.59,
            "rows": 991
          }
        }
      }
    },
    "neighbor_consistency_pts_mtnn": 11.83,
    "neighbor_consistency_pts_transparent_14d": 11.23
  },
  "next_profile": {
    "val": {
      "rows": 761,
      "mae_z": 0.4749,
      "rmse_z": 0.6403,
      "r2": 0.5697,
      "worst_features_mae_z": [
        {
          "feature": "PLUS_MINUS",
          "mae_z": 0.6279
        },
        {
          "feature": "FG3_PCT",
          "mae_z": 0.6141
        },
        {
          "feature": "STL",
          "mae_z": 0.5698
        },
        {
          "feature": "FT_PCT",
          "mae_z": 0.5108
        },
        {
          "feature": "TOV",
          "mae_z": 0.5002
        }
      ]
    },
    "test": {
      "rows": 790,
      "mae_z": 0.4942,
      "rmse_z": 0.6615,
      "r2": 0.5469,
      "worst_features_mae_z": [
        {
          "feature": "PLUS_MINUS",
          "mae_z": 0.6755
        },
        {
          "feature": "FG3_PCT",
          "mae_z": 0.6065
        },
        {
          "feature": "STL",
          "mae_z": 0.5975
        },
        {
          "feature": "FT_PCT",
          "mae_z": 0.5492
        },
        {
          "feature": "TOV",
          "mae_z": 0.5254
        }
      ]
    }
  },
  "population_validation": {
    "version": 1,
    "evaluation_scope": "Tower/confidence distributions use all player-seasons; retrieval, purity, calibration, and next-profile metrics use held-out target seasons.",
    "overall": {
      "rows": 12966,
      "tower_spread": {
        "mean": 0.885,
        "p05": 0.8565,
        "p95": 0.9138
      },
      "confidence": {
        "mean": 0.9247,
        "p95": 0.9995,
        "fraction_ge_0_99": 0.4694
      },
      "retrieval_recall_at_10": 0.432,
      "archetype_purity_at_20": 0.8329,
      "next_profile": {
        "rows": 790,
        "r2": 0.5469,
        "mae_z": 0.4942
      },
      "calibration": {
        "rows": 790,
        "ece_10": 0.0303,
        "brier": 0.1846,
        "mean_confidence": 0.9017
      }
    },
    "slices": {
      "archetype": {
        "archetype_0": {
          "rows": 1731,
          "tower_spread": {
            "mean": 0.8888,
            "p05": 0.8632,
            "p95": 0.9162
          },
          "confidence": {
            "mean": 0.9341,
            "p95": 0.9993,
            "fraction_ge_0_99": 0.5113
          },
          "retrieval_recall_at_10": 0.5955,
          "archetype_purity_at_20": 0.9509,
          "next_profile": {
            "rows": 89,
            "r2": 0.1401,
            "mae_z": 0.5601
          },
          "calibration": {
            "rows": 89,
            "ece_10": 0.0227,
            "brier": 0.0727,
            "mean_confidence": 0.9541
          },
          "scorable": true
        },
        "archetype_1": {
          "rows": 1916,
          "tower_spread": {
            "mean": 0.8864,
            "p05": 0.8607,
            "p95": 0.911
          },
          "confidence": {
            "mean": 0.9077,
            "p95": 0.9988,
            "fraction_ge_0_99": 0.3544
          },
          "retrieval_recall_at_10": 0.456,
          "archetype_purity_at_20": 0.8091,
          "next_profile": {
            "rows": 125,
            "r2": 0.156,
            "mae_z": 0.4646
          },
          "calibration": {
            "rows": 125,
            "ece_10": 0.0811,
            "brier": 0.2471,
            "mean_confidence": 0.8711
          },
          "scorable": true
        },
        "archetype_2": {
          "rows": 1246,
          "tower_spread": {
            "mean": 0.892,
            "p05": 0.8633,
            "p95": 0.9187
          },
          "confidence": {
            "mean": 0.8587,
            "p95": 0.999,
            "fraction_ge_0_99": 0.2472
          },
          "retrieval_recall_at_10": 0.2424,
          "archetype_purity_at_20": 0.7529,
          "next_profile": {
            "rows": 66,
            "r2": -0.231,
            "mae_z": 0.6028
          },
          "calibration": {
            "rows": 66,
            "ece_10": 0.1501,
            "brier": 0.4331,
            "mean_confidence": 0.8128
          },
          "scorable": true
        },
        "archetype_3": {
          "rows": 1562,
          "tower_spread": {
            "mean": 0.8848,
            "p05": 0.8584,
            "p95": 0.9121
          },
          "confidence": {
            "mean": 0.9448,
            "p95": 0.9995,
            "fraction_ge_0_99": 0.5282
          },
          "retrieval_recall_at_10": 0.5195,
          "archetype_purity_at_20": 0.7948,
          "next_profile": {
            "rows": 77,
            "r2": 0.1849,
            "mae_z": 0.5445
          },
          "calibration": {
            "rows": 77,
            "ece_10": 0.0983,
            "brier": 0.1937,
            "mean_confidence": 0.8832
          },
          "scorable": true
        },
        "archetype_4": {
          "rows": 1799,
          "tower_spread": {
            "mean": 0.8781,
            "p05": 0.8508,
            "p95": 0.9055
          },
          "confidence": {
            "mean": 0.9567,
            "p95": 0.9995,
            "fraction_ge_0_99": 0.5753
          },
          "retrieval_recall_at_10": 0.4038,
          "archetype_purity_at_20": 0.8045,
          "next_profile": {
            "rows": 104,
            "r2": -0.0291,
            "mae_z": 0.4667
          },
          "calibration": {
            "rows": 104,
            "ece_10": 0.0354,
            "brier": 0.119,
            "mean_confidence": 0.9069
          },
          "scorable": true
        },
        "archetype_5": {
          "rows": 2201,
          "tower_spread": {
            "mean": 0.8784,
            "p05": 0.8515,
            "p95": 0.9058
          },
          "confidence": {
            "mean": 0.9421,
            "p95": 0.9996,
            "fraction_ge_0_99": 0.5575
          },
          "retrieval_recall_at_10": 0.538,
          "archetype_purity_at_20": 0.8674,
          "next_profile": {
            "rows": 158,
            "r2": 0.1402,
            "mae_z": 0.4081
          },
          "calibration": {
            "rows": 158,
            "ece_10": 0.0208,
            "brier": 0.1211,
            "mean_confidence": 0.9359
          },
          "scorable": true
        },
        "archetype_6": {
          "rows": 1679,
          "tower_spread": {
            "mean": 0.8828,
            "p05": 0.8548,
            "p95": 0.9102
          },
          "confidence": {
            "mean": 0.9266,
            "p95": 0.9997,
            "fraction_ge_0_99": 0.5027
          },
          "retrieval_recall_at_10": 0.4302,
          "archetype_purity_at_20": 0.819,
          "next_profile": {
            "rows": 86,
            "r2": 0.1682,
            "mae_z": 0.4905
          },
          "calibration": {
            "rows": 86,
            "ece_10": 0.0487,
            "brier": 0.1977,
            "mean_confidence": 0.8942
          },
          "scorable": true
        },
        "archetype_7": {
          "rows": 832,
          "tower_spread": {
            "mean": 0.9006,
            "p05": 0.8755,
            "p95": 0.9245
          },
          "confidence": {
            "mean": 0.8869,
            "p95": 0.9982,
            "fraction_ge_0_99": 0.3401
          },
          "retrieval_recall_at_10": 0.4235,
          "archetype_purity_at_20": 0.8978,
          "next_profile": {
            "rows": 85,
            "r2": 0.2105,
            "mae_z": 0.5363
          },
          "calibration": {
            "rows": 85,
            "ece_10": 0.0678,
            "brier": 0.1939,
            "mean_confidence": 0.9148
          },
          "scorable": true
        }
      },
      "position": {
        "unknown": {
          "rows": 12966,
          "tower_spread": {
            "mean": 0.885,
            "p05": 0.8565,
            "p95": 0.9138
          },
          "confidence": {
            "mean": 0.9247,
            "p95": 0.9995,
            "fraction_ge_0_99": 0.4694
          },
          "retrieval_recall_at_10": 0.432,
          "archetype_purity_at_20": 0.8329,
          "next_profile": {
            "rows": 790,
            "r2": 0.5469,
            "mae_z": 0.4942
          },
          "calibration": {
            "rows": 790,
            "ece_10": 0.0303,
            "brier": 0.1846,
            "mean_confidence": 0.9017
          },
          "scorable": true
        }
      },
      "era": {
        "2000s": {
          "rows": 4078,
          "tower_spread": {
            "mean": 0.8791,
            "p05": 0.8531,
            "p95": 0.9056
          },
          "confidence": {
            "mean": 0.9247,
            "p95": 0.9995,
            "fraction_ge_0_99": 0.4667
          },
          "retrieval_recall_at_10": null,
          "archetype_purity_at_20": null,
          "next_profile": {
            "rows": 0,
            "r2": null,
            "mae_z": null
          },
          "calibration": {
            "rows": 0,
            "ece_10": null,
            "brier": null,
            "mean_confidence": null
          },
          "scorable": true
        },
        "2010s": {
          "rows": 4412,
          "tower_spread": {
            "mean": 0.8878,
            "p05": 0.8591,
            "p95": 0.9161
          },
          "confidence": {
            "mean": 0.9296,
            "p95": 0.9995,
            "fraction_ge_0_99": 0.4785
          },
          "retrieval_recall_at_10": null,
          "archetype_purity_at_20": null,
          "next_profile": {
            "rows": 0,
            "r2": null,
            "mae_z": null
          },
          "calibration": {
            "rows": 0,
            "ece_10": null,
            "brier": null,
            "mean_confidence": null
          },
          "scorable": true
        },
        "2020s": {
          "rows": 2911,
          "tower_spread": {
            "mean": 0.8925,
            "p05": 0.8656,
            "p95": 0.9194
          },
          "confidence": {
            "mean": 0.9142,
            "p95": 0.9993,
            "fraction_ge_0_99": 0.4383
          },
          "retrieval_recall_at_10": 0.432,
          "archetype_purity_at_20": 0.8329,
          "next_profile": {
            "rows": 790,
            "r2": 0.5469,
            "mae_z": 0.4942
          },
          "calibration": {
            "rows": 790,
            "ece_10": 0.0303,
            "brier": 0.1846,
            "mean_confidence": 0.9017
          },
          "scorable": true
        },
        "pre_2000": {
          "rows": 1565,
          "tower_spread": {
            "mean": 0.8787,
            "p05": 0.8533,
            "p95": 0.9058
          },
          "confidence": {
            "mean": 0.9306,
            "p95": 0.9995,
            "fraction_ge_0_99": 0.5086
          },
          "retrieval_recall_at_10": null,
          "archetype_purity_at_20": null,
          "next_profile": {
            "rows": 0,
            "r2": null,
            "mae_z": null
          },
          "calibration": {
            "rows": 0,
            "ece_10": null,
            "brier": null,
            "mean_confidence": null
          },
          "scorable": true
        }
      },
      "player_role": {
        "unknown": {
          "rows": 12966,
          "tower_spread": {
            "mean": 0.885,
            "p05": 0.8565,
            "p95": 0.9138
          },
          "confidence": {
            "mean": 0.9247,
            "p95": 0.9995,
            "fraction_ge_0_99": 0.4694
          },
          "retrieval_recall_at_10": 0.432,
          "archetype_purity_at_20": 0.8329,
          "next_profile": {
            "rows": 790,
            "r2": 0.5469,
            "mae_z": 0.4942
          },
          "calibration": {
            "rows": 790,
            "ece_10": 0.0303,
            "brier": 0.1846,
            "mean_confidence": 0.9017
          },
          "scorable": true
        }
      }
    },
    "collapse_flags": {
      "near_zero_tower_spread": {
        "flagged": false,
        "threshold": 1e-06,
        "observed_mean": 0.885
      },
      "universally_extreme_confidence": {
        "flagged": false,
        "threshold_fraction_ge_0_99": 0.95,
        "observed_fraction_ge_0_99": 0.4694
      },
      "systematically_weak_next_year_signal": {
        "flagged": false,
        "overall_held_out_r2": 0.5469,
        "groups_evaluated": 11,
        "groups_r2_le_0": 2
      }
    }
  },
  "next_profile_labeled_rows": 10108,
  "team_fit": null,
  "roster_lift": null,
  "career_slope": {
    "val": {
      "rows": 804,
      "mae_z": 0.4017,
      "r2": 0.6455
    },
    "test": {
      "rows": 826,
      "mae_z": 0.4007,
      "r2": 0.6422
    }
  },
  "competition": null,
  "pedigree_expectation": null,
  "playoff_riser": null,
  "honors_recognition": {
    "val": {
      "rows": 68,
      "mae_z": 0.1667,
      "r2": 0.9556
    },
    "test": {
      "rows": 56,
      "mae_z": 0.1917,
      "r2": 0.9447
    }
  },
  "promotion_gate": "Promote only if multi-task CQS >= baseline + 0.5 AND test recall@10 and purity@20 stay within 0.02 of baseline (not auto-promoted to assets/).",
  "composite": {
    "cqs": 66.29,
    "components": {
      "recall": 0.47,
      "purity": 0.9126,
      "margin_14d": 1.0,
      "archetype": 0.9417,
      "position": 0.0,
      "skills_r2": 0.6513,
      "skill_nn": 0.5268,
      "next_r2": 0.5469,
      "next_mae": 0.5058,
      "aux_r2": 0.7934
    },
    "weights": {
      "recall": 0.18,
      "purity": 0.16,
      "margin_14d": 0.08,
      "archetype": 0.08,
      "position": 0.05,
      "skills_r2": 0.14,
      "skill_nn": 0.05,
      "next_r2": 0.12,
      "next_mae": 0.06,
      "aux_r2": 0.08
    },
    "promote_metric": "cqs",
    "promote_rule": "promote if CQS >= baseline_cqs + 0.5 and test recall@10 >= baseline_recall - 0.02 and purity@20 >= baseline_purity - 0.02",
    "baseline_cqs": 85.87,
    "baseline_recall": 1.0,
    "baseline_purity": 0.8726,
    "test_recall_at_10": 0.47,
    "purity_at_20": 0.9126192426532017
  },
  "promote": {
    "ok": false,
    "reason": "recall 0.470 < floor 0.980"
  },
  "metrics_source": "selection_holdout",
  "selection": {
    "fit_rows": "train",
    "n_fit": 11027,
    "split": "train y<=2021 / val y<=2023 / test y>=2024",
    "best_epoch": 25
  },
  "deploy": {
    "mode": "selection_fit_rows_train",
    "metrics_source": "selection_holdout",
    "note": "Held-out recall/CQS use val/test pairs; loss rows follow fit_rows. Use --phase auto to full-corpus refit after promote."
  }
}
CQS 66.29 · recall 0.470 < floor 0.980
wrote embedding_v3.npz, mtnn_centroids.npz, mtnn_report.json
